#
# There is insufficient memory for the Java Runtime Environment to continue.
# Native memory allocation (malloc) failed to allocate 1939696 bytes for Chunk::new
# Possible reasons:
#   The system is out of physical RAM or swap space
#   The process is running with CompressedOops enabled, and the Java Heap may be blocking the growth of the native heap
# Possible solutions:
#   Reduce memory load on the system
#   Increase physical memory or swap space
#   Check if swap backing store is full
#   Decrease Java heap size (-Xmx/-Xms)
#   Decrease number of Java threads
#   Decrease Java thread stack sizes (-Xss)
#   Set larger code cache with -XX:ReservedCodeCacheSize=
#   JVM is running with Zero Based Compressed Oops mode in which the Java heap is
#     placed in the first 32GB address space. The Java Heap base address is the
#     maximum limit for the native heap growth. Please use -XX:HeapBaseMinAddress
#     to set the Java Heap base and to place the Java Heap above 32GB virtual address.
# This output file may be truncated or incomplete.
#
#  Out of Memory Error (./open/src/hotspot/share/memory/arena.cpp:197), pid=29976, tid=25048
#
# JRE version: Java(TM) SE Runtime Environment 18.9 (11.0.26+7) (build 11.0.26+7-LTS-187)
# Java VM: Java HotSpot(TM) 64-Bit Server VM 18.9 (11.0.26+7-LTS-187, mixed mode, tiered, compressed oops, g1 gc, windows-amd64)
# No core dump will be written. Minidumps are not enabled by default on client versions of Windows
#

---------------  S U M M A R Y ------------

Command Line: -Dclassworlds.conf=D:\TopNew-SpringBoot\maven\apache-maven-3.9.1-bin\apache-maven-3.9.1\bin\m2.conf -Dmaven.home=D:\TopNew-SpringBoot\maven\apache-maven-3.9.1-bin\apache-maven-3.9.1 -Dlibrary.jansi.path=D:\TopNew-SpringBoot\maven\apache-maven-3.9.1-bin\apache-maven-3.9.1\lib\jansi-native -Dmaven.multiModuleProjectDirectory=D:\fx\jafx\chatunitest-core org.codehaus.plexus.classworlds.launcher.Launcher test-compile -q

Host: Intel(R) Core(TM) i5-10200H CPU @ 2.40GHz, 8 cores, 15G,  Windows 11 , 64 bit Build 26100 (10.0.26100.7623)
Time: Tue Jan 20 09:45:26 2026  Windows 11 , 64 bit Build 26100 (10.0.26100.7623) elapsed time: 6.625906 seconds (0d 0h 0m 6s)

---------------  T H R E A D  ---------------

Current thread (0x00000212b1846800):  JavaThread "C2 CompilerThread0" daemon [_thread_in_native, id=25048, stack(0x000000a451d00000,0x000000a451e00000)]


Current CompileTask:
C2:   6626 5240   !   4       com.sun.tools.javac.parser.JavaTokenizer::readToken (2179 bytes)

Stack: [0x000000a451d00000,0x000000a451e00000]
Native frames: (J=compiled Java code, j=interpreted, Vv=VM code, C=native code)
V  [jvm.dll+0x65862a]
V  [jvm.dll+0x79b21f]
V  [jvm.dll+0x79c8e9]
V  [jvm.dll+0x79cf93]
V  [jvm.dll+0x255745]
V  [jvm.dll+0xb312c]
V  [jvm.dll+0xb373c]
V  [jvm.dll+0x35faa1]
V  [jvm.dll+0x32c715]
V  [jvm.dll+0x32bafa]
V  [jvm.dll+0x20f10d]
V  [jvm.dll+0x20e0dd]
V  [jvm.dll+0x18b381]
V  [jvm.dll+0x21e734]
V  [jvm.dll+0x21ca5c]
V  [jvm.dll+0x75f0e1]
V  [jvm.dll+0x757a04]
V  [jvm.dll+0x6574d5]
C  [ucrtbase.dll+0x37b0]
C  [KERNEL32.DLL+0x2e8d7]
C  [ntdll.dll+0x8c53c]


---------------  P R O C E S S  ---------------

Threads class SMR info:
_java_thread_list=0x00000212b44248f0, length=11, elements={
0x000002128e223000, 0x00000212b17c8000, 0x00000212b17d5000, 0x00000212b1841000,
0x00000212b1844000, 0x00000212b1845000, 0x00000212b1846800, 0x00000212b184f000,
0x00000212b1862000, 0x00000212b19e3000, 0x00000212b4424000
}

Java Threads: ( => current thread )
  0x000002128e223000 JavaThread "main" [_thread_in_Java, id=22700, stack(0x000000a451100000,0x000000a451200000)]
  0x00000212b17c8000 JavaThread "Reference Handler" daemon [_thread_blocked, id=26428, stack(0x000000a451800000,0x000000a451900000)]
  0x00000212b17d5000 JavaThread "Finalizer" daemon [_thread_blocked, id=18076, stack(0x000000a451900000,0x000000a451a00000)]
  0x00000212b1841000 JavaThread "Signal Dispatcher" daemon [_thread_blocked, id=4856, stack(0x000000a451a00000,0x000000a451b00000)]
  0x00000212b1844000 JavaThread "Attach Listener" daemon [_thread_blocked, id=25284, stack(0x000000a451b00000,0x000000a451c00000)]
  0x00000212b1845000 JavaThread "Service Thread" daemon [_thread_blocked, id=29772, stack(0x000000a451c00000,0x000000a451d00000)]
=>0x00000212b1846800 JavaThread "C2 CompilerThread0" daemon [_thread_in_native, id=25048, stack(0x000000a451d00000,0x000000a451e00000)]
  0x00000212b184f000 JavaThread "C1 CompilerThread0" daemon [_thread_blocked, id=29716, stack(0x000000a451e00000,0x000000a451f00000)]
  0x00000212b1862000 JavaThread "Sweeper thread" daemon [_thread_blocked, id=8096, stack(0x000000a451f00000,0x000000a452000000)]
  0x00000212b19e3000 JavaThread "Common-Cleaner" daemon [_thread_blocked, id=22124, stack(0x000000a452100000,0x000000a452200000)]
  0x00000212b4424000 JavaThread "C2 CompilerThread1" daemon [_thread_in_native, id=21440, stack(0x000000a452200000,0x000000a452300000)]

Other Threads:
  0x00000212b17c4800 VMThread "VM Thread" [stack: 0x000000a451700000,0x000000a451800000] [id=15740]
  0x00000212b19e2800 WatcherThread [stack: 0x000000a452000000,0x000000a452100000] [id=29740]
  0x000002128e23c000 GCTaskThread "GC Thread#0" [stack: 0x000000a451200000,0x000000a451300000] [id=29248]
  0x00000212b2523000 GCTaskThread "GC Thread#1" [stack: 0x000000a452300000,0x000000a452400000] [id=26368]
  0x00000212b244e800 GCTaskThread "GC Thread#2" [stack: 0x000000a452400000,0x000000a452500000] [id=8744]
  0x00000212b24b1000 GCTaskThread "GC Thread#3" [stack: 0x000000a452500000,0x000000a452600000] [id=22296]
  0x00000212b29e5800 GCTaskThread "GC Thread#4" [stack: 0x000000a452600000,0x000000a452700000] [id=21108]
  0x00000212b29e6000 GCTaskThread "GC Thread#5" [stack: 0x000000a452700000,0x000000a452800000] [id=29356]
  0x000002128e299000 ConcurrentGCThread "G1 Main Marker" [stack: 0x000000a451300000,0x000000a451400000] [id=5072]
  0x000002128e2a2000 ConcurrentGCThread "G1 Conc#0" [stack: 0x000000a451400000,0x000000a451500000] [id=20488]
  0x00000212b2e85800 ConcurrentGCThread "G1 Conc#1" [stack: 0x000000a452800000,0x000000a452900000] [id=11308]
  0x00000212b09cc800 ConcurrentGCThread "G1 Refine#0" [stack: 0x000000a451500000,0x000000a451600000] [id=8200]
  0x00000212b09cf800 ConcurrentGCThread "G1 Young RemSet Sampling" [stack: 0x000000a451600000,0x000000a451700000] [id=24092]

Threads with active compile tasks:
C2 CompilerThread0     6663 5240   !   4       com.sun.tools.javac.parser.JavaTokenizer::readToken (2179 bytes)
C1 CompilerThread0     6664 5436       2       com.sun.tools.javac.parser.JavaTokenizer::scanDigits (95 bytes)
C2 CompilerThread1     6664 5303       4       com.sun.tools.javac.parser.JavacParser$SimpleEndPosTable::toP (22 bytes)

VM state:not at safepoint (normal execution)

VM Mutex/Monitor currently owned by a thread: None

Heap address: 0x0000000701600000, size: 4074 MB, Compressed Oops mode: Zero based, Oop shift amount: 3
Narrow klass base: 0x0000000800000000, Narrow klass shift: 0
Compressed class space size: 1073741824 Address: 0x0000000800000000

Heap:
 garbage-first heap   total 262144K, used 32268K [0x0000000701600000, 0x0000000800000000)
  region size 1024K, 29 young (29696K), 17 survivors (17408K)
 Metaspace       used 32911K, capacity 33663K, committed 33792K, reserved 1079296K
  class space    used 3521K, capacity 3799K, committed 3840K, reserved 1048576K
Heap Regions: E=young(eden), S=young(survivor), O=old, HS=humongous(starts), HC=humongous(continues), CS=collection set, F=free, A=archive, TAMS=top-at-mark-start (previous, next)
|   0|0x0000000701600000, 0x0000000701700000, 0x0000000701700000|100%| O|  |TAMS 0x000000070169ae00, 0x0000000701600000| Untracked 
|   1|0x0000000701700000, 0x0000000701800000, 0x0000000701800000|100%| O|  |TAMS 0x0000000701700000, 0x0000000701700000| Untracked 
|   2|0x0000000701800000, 0x0000000701900000, 0x0000000701900000|100%| O|  |TAMS 0x0000000701800000, 0x0000000701800000| Untracked 
|   3|0x0000000701900000, 0x0000000701983200, 0x0000000701a00000| 51%| O|  |TAMS 0x0000000701900000, 0x0000000701900000| Untracked 
|   4|0x0000000701a00000, 0x0000000701a00000, 0x0000000701b00000|  0%| F|  |TAMS 0x0000000701a00000, 0x0000000701a00000| Untracked 
|   5|0x0000000701b00000, 0x0000000701b00000, 0x0000000701c00000|  0%| F|  |TAMS 0x0000000701b00000, 0x0000000701b00000| Untracked 
|   6|0x0000000701c00000, 0x0000000701c00000, 0x0000000701d00000|  0%| F|  |TAMS 0x0000000701c00000, 0x0000000701c00000| Untracked 
|   7|0x0000000701d00000, 0x0000000701d00000, 0x0000000701e00000|  0%| F|  |TAMS 0x0000000701d00000, 0x0000000701d00000| Untracked 
|   8|0x0000000701e00000, 0x0000000701e00000, 0x0000000701f00000|  0%| F|  |TAMS 0x0000000701e00000, 0x0000000701e00000| Untracked 
|   9|0x0000000701f00000, 0x0000000701f00000, 0x0000000702000000|  0%| F|  |TAMS 0x0000000701f00000, 0x0000000701f00000| Untracked 
|  10|0x0000000702000000, 0x0000000702000000, 0x0000000702100000|  0%| F|  |TAMS 0x0000000702000000, 0x0000000702000000| Untracked 
|  11|0x0000000702100000, 0x0000000702100000, 0x0000000702200000|  0%| F|  |TAMS 0x0000000702100000, 0x0000000702100000| Untracked 
|  12|0x0000000702200000, 0x0000000702200000, 0x0000000702300000|  0%| F|  |TAMS 0x0000000702200000, 0x0000000702200000| Untracked 
|  13|0x0000000702300000, 0x0000000702300000, 0x0000000702400000|  0%| F|  |TAMS 0x0000000702300000, 0x0000000702300000| Untracked 
|  14|0x0000000702400000, 0x0000000702400000, 0x0000000702500000|  0%| F|  |TAMS 0x0000000702400000, 0x0000000702400000| Untracked 
|  15|0x0000000702500000, 0x0000000702500000, 0x0000000702600000|  0%| F|  |TAMS 0x0000000702500000, 0x0000000702500000| Untracked 
|  16|0x0000000702600000, 0x0000000702600000, 0x0000000702700000|  0%| F|  |TAMS 0x0000000702600000, 0x0000000702600000| Untracked 
|  17|0x0000000702700000, 0x0000000702700000, 0x0000000702800000|  0%| F|  |TAMS 0x0000000702700000, 0x0000000702700000| Untracked 
|  18|0x0000000702800000, 0x0000000702800000, 0x0000000702900000|  0%| F|  |TAMS 0x0000000702800000, 0x0000000702800000| Untracked 
|  19|0x0000000702900000, 0x0000000702900000, 0x0000000702a00000|  0%| F|  |TAMS 0x0000000702900000, 0x0000000702900000| Untracked 
|  20|0x0000000702a00000, 0x0000000702a00000, 0x0000000702b00000|  0%| F|  |TAMS 0x0000000702a00000, 0x0000000702a00000| Untracked 
|  21|0x0000000702b00000, 0x0000000702b00000, 0x0000000702c00000|  0%| F|  |TAMS 0x0000000702b00000, 0x0000000702b00000| Untracked 
|  22|0x0000000702c00000, 0x0000000702c00000, 0x0000000702d00000|  0%| F|  |TAMS 0x0000000702c00000, 0x0000000702c00000| Untracked 
|  23|0x0000000702d00000, 0x0000000702d00000, 0x0000000702e00000|  0%| F|  |TAMS 0x0000000702d00000, 0x0000000702d00000| Untracked 
|  24|0x0000000702e00000, 0x0000000702e00000, 0x0000000702f00000|  0%| F|  |TAMS 0x0000000702e00000, 0x0000000702e00000| Untracked 
|  25|0x0000000702f00000, 0x0000000702f00000, 0x0000000703000000|  0%| F|  |TAMS 0x0000000702f00000, 0x0000000702f00000| Untracked 
|  26|0x0000000703000000, 0x0000000703000000, 0x0000000703100000|  0%| F|  |TAMS 0x0000000703000000, 0x0000000703000000| Untracked 
|  27|0x0000000703100000, 0x0000000703100000, 0x0000000703200000|  0%| F|  |TAMS 0x0000000703100000, 0x0000000703100000| Untracked 
|  28|0x0000000703200000, 0x0000000703200000, 0x0000000703300000|  0%| F|  |TAMS 0x0000000703200000, 0x0000000703200000| Untracked 
|  29|0x0000000703300000, 0x0000000703300000, 0x0000000703400000|  0%| F|  |TAMS 0x0000000703300000, 0x0000000703300000| Untracked 
|  30|0x0000000703400000, 0x0000000703400000, 0x0000000703500000|  0%| F|  |TAMS 0x0000000703400000, 0x0000000703400000| Untracked 
|  31|0x0000000703500000, 0x0000000703500000, 0x0000000703600000|  0%| F|  |TAMS 0x0000000703500000, 0x0000000703500000| Untracked 
|  32|0x0000000703600000, 0x0000000703600000, 0x0000000703700000|  0%| F|  |TAMS 0x0000000703600000, 0x0000000703600000| Untracked 
|  33|0x0000000703700000, 0x0000000703700000, 0x0000000703800000|  0%| F|  |TAMS 0x0000000703700000, 0x0000000703700000| Untracked 
|  34|0x0000000703800000, 0x0000000703800000, 0x0000000703900000|  0%| F|  |TAMS 0x0000000703800000, 0x0000000703800000| Untracked 
|  35|0x0000000703900000, 0x0000000703900000, 0x0000000703a00000|  0%| F|  |TAMS 0x0000000703900000, 0x0000000703900000| Untracked 
|  36|0x0000000703a00000, 0x0000000703a00000, 0x0000000703b00000|  0%| F|  |TAMS 0x0000000703a00000, 0x0000000703a00000| Untracked 
|  37|0x0000000703b00000, 0x0000000703b00000, 0x0000000703c00000|  0%| F|  |TAMS 0x0000000703b00000, 0x0000000703b00000| Untracked 
|  38|0x0000000703c00000, 0x0000000703c00000, 0x0000000703d00000|  0%| F|  |TAMS 0x0000000703c00000, 0x0000000703c00000| Untracked 
|  39|0x0000000703d00000, 0x0000000703d00000, 0x0000000703e00000|  0%| F|  |TAMS 0x0000000703d00000, 0x0000000703d00000| Untracked 
|  40|0x0000000703e00000, 0x0000000703e00000, 0x0000000703f00000|  0%| F|  |TAMS 0x0000000703e00000, 0x0000000703e00000| Untracked 
|  41|0x0000000703f00000, 0x0000000703f00000, 0x0000000704000000|  0%| F|  |TAMS 0x0000000703f00000, 0x0000000703f00000| Untracked 
|  42|0x0000000704000000, 0x0000000704000000, 0x0000000704100000|  0%| F|  |TAMS 0x0000000704000000, 0x0000000704000000| Untracked 
|  43|0x0000000704100000, 0x0000000704100000, 0x0000000704200000|  0%| F|  |TAMS 0x0000000704100000, 0x0000000704100000| Untracked 
|  44|0x0000000704200000, 0x0000000704200000, 0x0000000704300000|  0%| F|  |TAMS 0x0000000704200000, 0x0000000704200000| Untracked 
|  45|0x0000000704300000, 0x0000000704300000, 0x0000000704400000|  0%| F|  |TAMS 0x0000000704300000, 0x0000000704300000| Untracked 
|  46|0x0000000704400000, 0x0000000704400000, 0x0000000704500000|  0%| F|  |TAMS 0x0000000704400000, 0x0000000704400000| Untracked 
|  47|0x0000000704500000, 0x0000000704500000, 0x0000000704600000|  0%| F|  |TAMS 0x0000000704500000, 0x0000000704500000| Untracked 
|  48|0x0000000704600000, 0x0000000704600000, 0x0000000704700000|  0%| F|  |TAMS 0x0000000704600000, 0x0000000704600000| Untracked 
|  49|0x0000000704700000, 0x0000000704700000, 0x0000000704800000|  0%| F|  |TAMS 0x0000000704700000, 0x0000000704700000| Untracked 
|  50|0x0000000704800000, 0x0000000704800000, 0x0000000704900000|  0%| F|  |TAMS 0x0000000704800000, 0x0000000704800000| Untracked 
|  51|0x0000000704900000, 0x0000000704900000, 0x0000000704a00000|  0%| F|  |TAMS 0x0000000704900000, 0x0000000704900000| Untracked 
|  52|0x0000000704a00000, 0x0000000704a00000, 0x0000000704b00000|  0%| F|  |TAMS 0x0000000704a00000, 0x0000000704a00000| Untracked 
|  53|0x0000000704b00000, 0x0000000704b00000, 0x0000000704c00000|  0%| F|  |TAMS 0x0000000704b00000, 0x0000000704b00000| Untracked 
|  54|0x0000000704c00000, 0x0000000704c00000, 0x0000000704d00000|  0%| F|  |TAMS 0x0000000704c00000, 0x0000000704c00000| Untracked 
|  55|0x0000000704d00000, 0x0000000704d00000, 0x0000000704e00000|  0%| F|  |TAMS 0x0000000704d00000, 0x0000000704d00000| Untracked 
|  56|0x0000000704e00000, 0x0000000704e00000, 0x0000000704f00000|  0%| F|  |TAMS 0x0000000704e00000, 0x0000000704e00000| Untracked 
|  57|0x0000000704f00000, 0x0000000704f00000, 0x0000000705000000|  0%| F|  |TAMS 0x0000000704f00000, 0x0000000704f00000| Untracked 
|  58|0x0000000705000000, 0x0000000705000000, 0x0000000705100000|  0%| F|  |TAMS 0x0000000705000000, 0x0000000705000000| Untracked 
|  59|0x0000000705100000, 0x0000000705100000, 0x0000000705200000|  0%| F|  |TAMS 0x0000000705100000, 0x0000000705100000| Untracked 
|  60|0x0000000705200000, 0x0000000705200000, 0x0000000705300000|  0%| F|  |TAMS 0x0000000705200000, 0x0000000705200000| Untracked 
|  61|0x0000000705300000, 0x0000000705300000, 0x0000000705400000|  0%| F|  |TAMS 0x0000000705300000, 0x0000000705300000| Untracked 
|  62|0x0000000705400000, 0x0000000705400000, 0x0000000705500000|  0%| F|  |TAMS 0x0000000705400000, 0x0000000705400000| Untracked 
|  63|0x0000000705500000, 0x0000000705500000, 0x0000000705600000|  0%| F|  |TAMS 0x0000000705500000, 0x0000000705500000| Untracked 
|  64|0x0000000705600000, 0x0000000705600000, 0x0000000705700000|  0%| F|  |TAMS 0x0000000705600000, 0x0000000705600000| Untracked 
|  65|0x0000000705700000, 0x0000000705700000, 0x0000000705800000|  0%| F|  |TAMS 0x0000000705700000, 0x0000000705700000| Untracked 
|  66|0x0000000705800000, 0x0000000705800000, 0x0000000705900000|  0%| F|  |TAMS 0x0000000705800000, 0x0000000705800000| Untracked 
|  67|0x0000000705900000, 0x0000000705900000, 0x0000000705a00000|  0%| F|  |TAMS 0x0000000705900000, 0x0000000705900000| Untracked 
|  68|0x0000000705a00000, 0x0000000705a00000, 0x0000000705b00000|  0%| F|  |TAMS 0x0000000705a00000, 0x0000000705a00000| Untracked 
|  69|0x0000000705b00000, 0x0000000705b00000, 0x0000000705c00000|  0%| F|  |TAMS 0x0000000705b00000, 0x0000000705b00000| Untracked 
|  70|0x0000000705c00000, 0x0000000705c00000, 0x0000000705d00000|  0%| F|  |TAMS 0x0000000705c00000, 0x0000000705c00000| Untracked 
|  71|0x0000000705d00000, 0x0000000705d00000, 0x0000000705e00000|  0%| F|  |TAMS 0x0000000705d00000, 0x0000000705d00000| Untracked 
|  72|0x0000000705e00000, 0x0000000705e00000, 0x0000000705f00000|  0%| F|  |TAMS 0x0000000705e00000, 0x0000000705e00000| Untracked 
|  73|0x0000000705f00000, 0x0000000705f00000, 0x0000000706000000|  0%| F|  |TAMS 0x0000000705f00000, 0x0000000705f00000| Untracked 
|  74|0x0000000706000000, 0x0000000706000000, 0x0000000706100000|  0%| F|  |TAMS 0x0000000706000000, 0x0000000706000000| Untracked 
|  75|0x0000000706100000, 0x0000000706100000, 0x0000000706200000|  0%| F|  |TAMS 0x0000000706100000, 0x0000000706100000| Untracked 
|  76|0x0000000706200000, 0x0000000706200000, 0x0000000706300000|  0%| F|  |TAMS 0x0000000706200000, 0x0000000706200000| Untracked 
|  77|0x0000000706300000, 0x0000000706300000, 0x0000000706400000|  0%| F|  |TAMS 0x0000000706300000, 0x0000000706300000| Untracked 
|  78|0x0000000706400000, 0x0000000706400000, 0x0000000706500000|  0%| F|  |TAMS 0x0000000706400000, 0x0000000706400000| Untracked 
|  79|0x0000000706500000, 0x0000000706500000, 0x0000000706600000|  0%| F|  |TAMS 0x0000000706500000, 0x0000000706500000| Untracked 
|  80|0x0000000706600000, 0x0000000706600000, 0x0000000706700000|  0%| F|  |TAMS 0x0000000706600000, 0x0000000706600000| Untracked 
|  81|0x0000000706700000, 0x0000000706700000, 0x0000000706800000|  0%| F|  |TAMS 0x0000000706700000, 0x0000000706700000| Untracked 
|  82|0x0000000706800000, 0x0000000706800000, 0x0000000706900000|  0%| F|  |TAMS 0x0000000706800000, 0x0000000706800000| Untracked 
|  83|0x0000000706900000, 0x0000000706900000, 0x0000000706a00000|  0%| F|  |TAMS 0x0000000706900000, 0x0000000706900000| Untracked 
|  84|0x0000000706a00000, 0x0000000706a00000, 0x0000000706b00000|  0%| F|  |TAMS 0x0000000706a00000, 0x0000000706a00000| Untracked 
|  85|0x0000000706b00000, 0x0000000706b00000, 0x0000000706c00000|  0%| F|  |TAMS 0x0000000706b00000, 0x0000000706b00000| Untracked 
|  86|0x0000000706c00000, 0x0000000706d00000, 0x0000000706d00000|100%| S|CS|TAMS 0x0000000706c00000, 0x0000000706c00000| Complete 
|  87|0x0000000706d00000, 0x0000000706e00000, 0x0000000706e00000|100%| S|CS|TAMS 0x0000000706d00000, 0x0000000706d00000| Complete 
|  88|0x0000000706e00000, 0x0000000706f00000, 0x0000000706f00000|100%| S|CS|TAMS 0x0000000706e00000, 0x0000000706e00000| Complete 
|  89|0x0000000706f00000, 0x0000000707000000, 0x0000000707000000|100%| S|CS|TAMS 0x0000000706f00000, 0x0000000706f00000| Complete 
|  90|0x0000000707000000, 0x0000000707100000, 0x0000000707100000|100%| S|CS|TAMS 0x0000000707000000, 0x0000000707000000| Complete 
|  91|0x0000000707100000, 0x0000000707200000, 0x0000000707200000|100%| S|CS|TAMS 0x0000000707100000, 0x0000000707100000| Complete 
|  92|0x0000000707200000, 0x0000000707300000, 0x0000000707300000|100%| S|CS|TAMS 0x0000000707200000, 0x0000000707200000| Complete 
|  93|0x0000000707300000, 0x0000000707400000, 0x0000000707400000|100%| S|CS|TAMS 0x0000000707300000, 0x0000000707300000| Complete 
|  94|0x0000000707400000, 0x0000000707500000, 0x0000000707500000|100%| S|CS|TAMS 0x0000000707400000, 0x0000000707400000| Complete 
|  95|0x0000000707500000, 0x0000000707600000, 0x0000000707600000|100%| S|CS|TAMS 0x0000000707500000, 0x0000000707500000| Complete 
|  96|0x0000000707600000, 0x0000000707700000, 0x0000000707700000|100%| S|CS|TAMS 0x0000000707600000, 0x0000000707600000| Complete 
|  97|0x0000000707700000, 0x0000000707800000, 0x0000000707800000|100%| S|CS|TAMS 0x0000000707700000, 0x0000000707700000| Complete 
|  98|0x0000000707800000, 0x0000000707900000, 0x0000000707900000|100%| S|CS|TAMS 0x0000000707800000, 0x0000000707800000| Complete 
|  99|0x0000000707900000, 0x0000000707a00000, 0x0000000707a00000|100%| S|CS|TAMS 0x0000000707900000, 0x0000000707900000| Complete 
| 100|0x0000000707a00000, 0x0000000707b00000, 0x0000000707b00000|100%| S|CS|TAMS 0x0000000707a00000, 0x0000000707a00000| Complete 
| 101|0x0000000707b00000, 0x0000000707c00000, 0x0000000707c00000|100%| S|CS|TAMS 0x0000000707b00000, 0x0000000707b00000| Complete 
| 102|0x0000000707c00000, 0x0000000707d00000, 0x0000000707d00000|100%| S|CS|TAMS 0x0000000707c00000, 0x0000000707c00000| Complete 
| 103|0x0000000707d00000, 0x0000000707d00000, 0x0000000707e00000|  0%| F|  |TAMS 0x0000000707d00000, 0x0000000707d00000| Untracked 
| 104|0x0000000707e00000, 0x0000000707e00000, 0x0000000707f00000|  0%| F|  |TAMS 0x0000000707e00000, 0x0000000707e00000| Untracked 
| 105|0x0000000707f00000, 0x0000000707f00000, 0x0000000708000000|  0%| F|  |TAMS 0x0000000707f00000, 0x0000000707f00000| Untracked 
| 106|0x0000000708000000, 0x0000000708000000, 0x0000000708100000|  0%| F|  |TAMS 0x0000000708000000, 0x0000000708000000| Untracked 
| 107|0x0000000708100000, 0x0000000708100000, 0x0000000708200000|  0%| F|  |TAMS 0x0000000708100000, 0x0000000708100000| Untracked 
| 108|0x0000000708200000, 0x0000000708200000, 0x0000000708300000|  0%| F|  |TAMS 0x0000000708200000, 0x0000000708200000| Untracked 
| 109|0x0000000708300000, 0x0000000708300000, 0x0000000708400000|  0%| F|  |TAMS 0x0000000708300000, 0x0000000708300000| Untracked 
| 110|0x0000000708400000, 0x0000000708400000, 0x0000000708500000|  0%| F|  |TAMS 0x0000000708400000, 0x0000000708400000| Untracked 
| 111|0x0000000708500000, 0x0000000708500000, 0x0000000708600000|  0%| F|  |TAMS 0x0000000708500000, 0x0000000708500000| Untracked 
| 112|0x0000000708600000, 0x0000000708600000, 0x0000000708700000|  0%| F|  |TAMS 0x0000000708600000, 0x0000000708600000| Untracked 
| 113|0x0000000708700000, 0x0000000708700000, 0x0000000708800000|  0%| F|  |TAMS 0x0000000708700000, 0x0000000708700000| Untracked 
| 114|0x0000000708800000, 0x0000000708800000, 0x0000000708900000|  0%| F|  |TAMS 0x0000000708800000, 0x0000000708800000| Untracked 
| 115|0x0000000708900000, 0x0000000708900000, 0x0000000708a00000|  0%| F|  |TAMS 0x0000000708900000, 0x0000000708900000| Untracked 
| 116|0x0000000708a00000, 0x0000000708a00000, 0x0000000708b00000|  0%| F|  |TAMS 0x0000000708a00000, 0x0000000708a00000| Untracked 
| 117|0x0000000708b00000, 0x0000000708b00000, 0x0000000708c00000|  0%| F|  |TAMS 0x0000000708b00000, 0x0000000708b00000| Untracked 
| 118|0x0000000708c00000, 0x0000000708c00000, 0x0000000708d00000|  0%| F|  |TAMS 0x0000000708c00000, 0x0000000708c00000| Untracked 
| 119|0x0000000708d00000, 0x0000000708d00000, 0x0000000708e00000|  0%| F|  |TAMS 0x0000000708d00000, 0x0000000708d00000| Untracked 
| 120|0x0000000708e00000, 0x0000000708e00000, 0x0000000708f00000|  0%| F|  |TAMS 0x0000000708e00000, 0x0000000708e00000| Untracked 
| 121|0x0000000708f00000, 0x0000000708f00000, 0x0000000709000000|  0%| F|  |TAMS 0x0000000708f00000, 0x0000000708f00000| Untracked 
| 122|0x0000000709000000, 0x0000000709000000, 0x0000000709100000|  0%| F|  |TAMS 0x0000000709000000, 0x0000000709000000| Untracked 
| 123|0x0000000709100000, 0x0000000709100000, 0x0000000709200000|  0%| F|  |TAMS 0x0000000709100000, 0x0000000709100000| Untracked 
| 124|0x0000000709200000, 0x0000000709200000, 0x0000000709300000|  0%| F|  |TAMS 0x0000000709200000, 0x0000000709200000| Untracked 
| 125|0x0000000709300000, 0x0000000709300000, 0x0000000709400000|  0%| F|  |TAMS 0x0000000709300000, 0x0000000709300000| Untracked 
| 126|0x0000000709400000, 0x0000000709400000, 0x0000000709500000|  0%| F|  |TAMS 0x0000000709400000, 0x0000000709400000| Untracked 
| 127|0x0000000709500000, 0x0000000709500000, 0x0000000709600000|  0%| F|  |TAMS 0x0000000709500000, 0x0000000709500000| Untracked 
| 128|0x0000000709600000, 0x0000000709600000, 0x0000000709700000|  0%| F|  |TAMS 0x0000000709600000, 0x0000000709600000| Untracked 
| 129|0x0000000709700000, 0x0000000709700000, 0x0000000709800000|  0%| F|  |TAMS 0x0000000709700000, 0x0000000709700000| Untracked 
| 130|0x0000000709800000, 0x0000000709800000, 0x0000000709900000|  0%| F|  |TAMS 0x0000000709800000, 0x0000000709800000| Untracked 
| 131|0x0000000709900000, 0x0000000709900000, 0x0000000709a00000|  0%| F|  |TAMS 0x0000000709900000, 0x0000000709900000| Untracked 
| 132|0x0000000709a00000, 0x0000000709a00000, 0x0000000709b00000|  0%| F|  |TAMS 0x0000000709a00000, 0x0000000709a00000| Untracked 
| 133|0x0000000709b00000, 0x0000000709b00000, 0x0000000709c00000|  0%| F|  |TAMS 0x0000000709b00000, 0x0000000709b00000| Untracked 
| 134|0x0000000709c00000, 0x0000000709c00000, 0x0000000709d00000|  0%| F|  |TAMS 0x0000000709c00000, 0x0000000709c00000| Untracked 
| 135|0x0000000709d00000, 0x0000000709d00000, 0x0000000709e00000|  0%| F|  |TAMS 0x0000000709d00000, 0x0000000709d00000| Untracked 
| 136|0x0000000709e00000, 0x0000000709e00000, 0x0000000709f00000|  0%| F|  |TAMS 0x0000000709e00000, 0x0000000709e00000| Untracked 
| 137|0x0000000709f00000, 0x0000000709f00000, 0x000000070a000000|  0%| F|  |TAMS 0x0000000709f00000, 0x0000000709f00000| Untracked 
| 138|0x000000070a000000, 0x000000070a000000, 0x000000070a100000|  0%| F|  |TAMS 0x000000070a000000, 0x000000070a000000| Untracked 
| 139|0x000000070a100000, 0x000000070a100000, 0x000000070a200000|  0%| F|  |TAMS 0x000000070a100000, 0x000000070a100000| Untracked 
| 140|0x000000070a200000, 0x000000070a200000, 0x000000070a300000|  0%| F|  |TAMS 0x000000070a200000, 0x000000070a200000| Untracked 
| 141|0x000000070a300000, 0x000000070a300000, 0x000000070a400000|  0%| F|  |TAMS 0x000000070a300000, 0x000000070a300000| Untracked 
| 142|0x000000070a400000, 0x000000070a400000, 0x000000070a500000|  0%| F|  |TAMS 0x000000070a400000, 0x000000070a400000| Untracked 
| 143|0x000000070a500000, 0x000000070a500000, 0x000000070a600000|  0%| F|  |TAMS 0x000000070a500000, 0x000000070a500000| Untracked 
| 144|0x000000070a600000, 0x000000070a600000, 0x000000070a700000|  0%| F|  |TAMS 0x000000070a600000, 0x000000070a600000| Untracked 
| 145|0x000000070a700000, 0x000000070a700000, 0x000000070a800000|  0%| F|  |TAMS 0x000000070a700000, 0x000000070a700000| Untracked 
| 146|0x000000070a800000, 0x000000070a800000, 0x000000070a900000|  0%| F|  |TAMS 0x000000070a800000, 0x000000070a800000| Untracked 
| 147|0x000000070a900000, 0x000000070a900000, 0x000000070aa00000|  0%| F|  |TAMS 0x000000070a900000, 0x000000070a900000| Untracked 
| 148|0x000000070aa00000, 0x000000070aa00000, 0x000000070ab00000|  0%| F|  |TAMS 0x000000070aa00000, 0x000000070aa00000| Untracked 
| 149|0x000000070ab00000, 0x000000070ab00000, 0x000000070ac00000|  0%| F|  |TAMS 0x000000070ab00000, 0x000000070ab00000| Untracked 
| 150|0x000000070ac00000, 0x000000070ac00000, 0x000000070ad00000|  0%| F|  |TAMS 0x000000070ac00000, 0x000000070ac00000| Untracked 
| 151|0x000000070ad00000, 0x000000070ad00000, 0x000000070ae00000|  0%| F|  |TAMS 0x000000070ad00000, 0x000000070ad00000| Untracked 
| 152|0x000000070ae00000, 0x000000070ae00000, 0x000000070af00000|  0%| F|  |TAMS 0x000000070ae00000, 0x000000070ae00000| Untracked 
| 153|0x000000070af00000, 0x000000070af00000, 0x000000070b000000|  0%| F|  |TAMS 0x000000070af00000, 0x000000070af00000| Untracked 
| 154|0x000000070b000000, 0x000000070b000000, 0x000000070b100000|  0%| F|  |TAMS 0x000000070b000000, 0x000000070b000000| Untracked 
| 155|0x000000070b100000, 0x000000070b100000, 0x000000070b200000|  0%| F|  |TAMS 0x000000070b100000, 0x000000070b100000| Untracked 
| 156|0x000000070b200000, 0x000000070b200000, 0x000000070b300000|  0%| F|  |TAMS 0x000000070b200000, 0x000000070b200000| Untracked 
| 157|0x000000070b300000, 0x000000070b300000, 0x000000070b400000|  0%| F|  |TAMS 0x000000070b300000, 0x000000070b300000| Untracked 
| 158|0x000000070b400000, 0x000000070b400000, 0x000000070b500000|  0%| F|  |TAMS 0x000000070b400000, 0x000000070b400000| Untracked 
| 159|0x000000070b500000, 0x000000070b500000, 0x000000070b600000|  0%| F|  |TAMS 0x000000070b500000, 0x000000070b500000| Untracked 
| 160|0x000000070b600000, 0x000000070b600000, 0x000000070b700000|  0%| F|  |TAMS 0x000000070b600000, 0x000000070b600000| Untracked 
| 161|0x000000070b700000, 0x000000070b700000, 0x000000070b800000|  0%| F|  |TAMS 0x000000070b700000, 0x000000070b700000| Untracked 
| 162|0x000000070b800000, 0x000000070b800000, 0x000000070b900000|  0%| F|  |TAMS 0x000000070b800000, 0x000000070b800000| Untracked 
| 163|0x000000070b900000, 0x000000070b900000, 0x000000070ba00000|  0%| F|  |TAMS 0x000000070b900000, 0x000000070b900000| Untracked 
| 164|0x000000070ba00000, 0x000000070ba00000, 0x000000070bb00000|  0%| F|  |TAMS 0x000000070ba00000, 0x000000070ba00000| Untracked 
| 165|0x000000070bb00000, 0x000000070bb00000, 0x000000070bc00000|  0%| F|  |TAMS 0x000000070bb00000, 0x000000070bb00000| Untracked 
| 166|0x000000070bc00000, 0x000000070bc00000, 0x000000070bd00000|  0%| F|  |TAMS 0x000000070bc00000, 0x000000070bc00000| Untracked 
| 167|0x000000070bd00000, 0x000000070bd00000, 0x000000070be00000|  0%| F|  |TAMS 0x000000070bd00000, 0x000000070bd00000| Untracked 
| 168|0x000000070be00000, 0x000000070be00000, 0x000000070bf00000|  0%| F|  |TAMS 0x000000070be00000, 0x000000070be00000| Untracked 
| 169|0x000000070bf00000, 0x000000070bf00000, 0x000000070c000000|  0%| F|  |TAMS 0x000000070bf00000, 0x000000070bf00000| Untracked 
| 170|0x000000070c000000, 0x000000070c000000, 0x000000070c100000|  0%| F|  |TAMS 0x000000070c000000, 0x000000070c000000| Untracked 
| 171|0x000000070c100000, 0x000000070c100000, 0x000000070c200000|  0%| F|  |TAMS 0x000000070c100000, 0x000000070c100000| Untracked 
| 172|0x000000070c200000, 0x000000070c200000, 0x000000070c300000|  0%| F|  |TAMS 0x000000070c200000, 0x000000070c200000| Untracked 
| 173|0x000000070c300000, 0x000000070c300000, 0x000000070c400000|  0%| F|  |TAMS 0x000000070c300000, 0x000000070c300000| Untracked 
| 174|0x000000070c400000, 0x000000070c400000, 0x000000070c500000|  0%| F|  |TAMS 0x000000070c400000, 0x000000070c400000| Untracked 
| 175|0x000000070c500000, 0x000000070c500000, 0x000000070c600000|  0%| F|  |TAMS 0x000000070c500000, 0x000000070c500000| Untracked 
| 176|0x000000070c600000, 0x000000070c600000, 0x000000070c700000|  0%| F|  |TAMS 0x000000070c600000, 0x000000070c600000| Untracked 
| 177|0x000000070c700000, 0x000000070c700000, 0x000000070c800000|  0%| F|  |TAMS 0x000000070c700000, 0x000000070c700000| Untracked 
| 178|0x000000070c800000, 0x000000070c800000, 0x000000070c900000|  0%| F|  |TAMS 0x000000070c800000, 0x000000070c800000| Untracked 
| 179|0x000000070c900000, 0x000000070c900000, 0x000000070ca00000|  0%| F|  |TAMS 0x000000070c900000, 0x000000070c900000| Untracked 
| 180|0x000000070ca00000, 0x000000070ca00000, 0x000000070cb00000|  0%| F|  |TAMS 0x000000070ca00000, 0x000000070ca00000| Untracked 
| 181|0x000000070cb00000, 0x000000070cb00000, 0x000000070cc00000|  0%| F|  |TAMS 0x000000070cb00000, 0x000000070cb00000| Untracked 
| 182|0x000000070cc00000, 0x000000070cc00000, 0x000000070cd00000|  0%| F|  |TAMS 0x000000070cc00000, 0x000000070cc00000| Untracked 
| 183|0x000000070cd00000, 0x000000070cd00000, 0x000000070ce00000|  0%| F|  |TAMS 0x000000070cd00000, 0x000000070cd00000| Untracked 
| 184|0x000000070ce00000, 0x000000070ce00000, 0x000000070cf00000|  0%| F|  |TAMS 0x000000070ce00000, 0x000000070ce00000| Untracked 
| 185|0x000000070cf00000, 0x000000070cf00000, 0x000000070d000000|  0%| F|  |TAMS 0x000000070cf00000, 0x000000070cf00000| Untracked 
| 186|0x000000070d000000, 0x000000070d000000, 0x000000070d100000|  0%| F|  |TAMS 0x000000070d000000, 0x000000070d000000| Untracked 
| 187|0x000000070d100000, 0x000000070d100000, 0x000000070d200000|  0%| F|  |TAMS 0x000000070d100000, 0x000000070d100000| Untracked 
| 188|0x000000070d200000, 0x000000070d200000, 0x000000070d300000|  0%| F|  |TAMS 0x000000070d200000, 0x000000070d200000| Untracked 
| 189|0x000000070d300000, 0x000000070d300000, 0x000000070d400000|  0%| F|  |TAMS 0x000000070d300000, 0x000000070d300000| Untracked 
| 190|0x000000070d400000, 0x000000070d400000, 0x000000070d500000|  0%| F|  |TAMS 0x000000070d400000, 0x000000070d400000| Untracked 
| 191|0x000000070d500000, 0x000000070d500000, 0x000000070d600000|  0%| F|  |TAMS 0x000000070d500000, 0x000000070d500000| Untracked 
| 192|0x000000070d600000, 0x000000070d600000, 0x000000070d700000|  0%| F|  |TAMS 0x000000070d600000, 0x000000070d600000| Untracked 
| 193|0x000000070d700000, 0x000000070d700000, 0x000000070d800000|  0%| F|  |TAMS 0x000000070d700000, 0x000000070d700000| Untracked 
| 194|0x000000070d800000, 0x000000070d800000, 0x000000070d900000|  0%| F|  |TAMS 0x000000070d800000, 0x000000070d800000| Untracked 
| 195|0x000000070d900000, 0x000000070d900000, 0x000000070da00000|  0%| F|  |TAMS 0x000000070d900000, 0x000000070d900000| Untracked 
| 196|0x000000070da00000, 0x000000070da00000, 0x000000070db00000|  0%| F|  |TAMS 0x000000070da00000, 0x000000070da00000| Untracked 
| 197|0x000000070db00000, 0x000000070db00000, 0x000000070dc00000|  0%| F|  |TAMS 0x000000070db00000, 0x000000070db00000| Untracked 
| 198|0x000000070dc00000, 0x000000070dc00000, 0x000000070dd00000|  0%| F|  |TAMS 0x000000070dc00000, 0x000000070dc00000| Untracked 
| 199|0x000000070dd00000, 0x000000070dd00000, 0x000000070de00000|  0%| F|  |TAMS 0x000000070dd00000, 0x000000070dd00000| Untracked 
| 200|0x000000070de00000, 0x000000070de00000, 0x000000070df00000|  0%| F|  |TAMS 0x000000070de00000, 0x000000070de00000| Untracked 
| 201|0x000000070df00000, 0x000000070df00000, 0x000000070e000000|  0%| F|  |TAMS 0x000000070df00000, 0x000000070df00000| Untracked 
| 202|0x000000070e000000, 0x000000070e000000, 0x000000070e100000|  0%| F|  |TAMS 0x000000070e000000, 0x000000070e000000| Untracked 
| 203|0x000000070e100000, 0x000000070e100000, 0x000000070e200000|  0%| F|  |TAMS 0x000000070e100000, 0x000000070e100000| Untracked 
| 204|0x000000070e200000, 0x000000070e200000, 0x000000070e300000|  0%| F|  |TAMS 0x000000070e200000, 0x000000070e200000| Untracked 
| 205|0x000000070e300000, 0x000000070e300000, 0x000000070e400000|  0%| F|  |TAMS 0x000000070e300000, 0x000000070e300000| Untracked 
| 206|0x000000070e400000, 0x000000070e400000, 0x000000070e500000|  0%| F|  |TAMS 0x000000070e400000, 0x000000070e400000| Untracked 
| 207|0x000000070e500000, 0x000000070e500000, 0x000000070e600000|  0%| F|  |TAMS 0x000000070e500000, 0x000000070e500000| Untracked 
| 208|0x000000070e600000, 0x000000070e600000, 0x000000070e700000|  0%| F|  |TAMS 0x000000070e600000, 0x000000070e600000| Untracked 
| 209|0x000000070e700000, 0x000000070e700000, 0x000000070e800000|  0%| F|  |TAMS 0x000000070e700000, 0x000000070e700000| Untracked 
| 210|0x000000070e800000, 0x000000070e800000, 0x000000070e900000|  0%| F|  |TAMS 0x000000070e800000, 0x000000070e800000| Untracked 
| 211|0x000000070e900000, 0x000000070e900000, 0x000000070ea00000|  0%| F|  |TAMS 0x000000070e900000, 0x000000070e900000| Untracked 
| 212|0x000000070ea00000, 0x000000070ea00000, 0x000000070eb00000|  0%| F|  |TAMS 0x000000070ea00000, 0x000000070ea00000| Untracked 
| 213|0x000000070eb00000, 0x000000070eb00000, 0x000000070ec00000|  0%| F|  |TAMS 0x000000070eb00000, 0x000000070eb00000| Untracked 
| 214|0x000000070ec00000, 0x000000070ec00000, 0x000000070ed00000|  0%| F|  |TAMS 0x000000070ec00000, 0x000000070ec00000| Untracked 
| 215|0x000000070ed00000, 0x000000070ed00000, 0x000000070ee00000|  0%| F|  |TAMS 0x000000070ed00000, 0x000000070ed00000| Untracked 
| 216|0x000000070ee00000, 0x000000070ee00000, 0x000000070ef00000|  0%| F|  |TAMS 0x000000070ee00000, 0x000000070ee00000| Untracked 
| 217|0x000000070ef00000, 0x000000070ef00000, 0x000000070f000000|  0%| F|  |TAMS 0x000000070ef00000, 0x000000070ef00000| Untracked 
| 218|0x000000070f000000, 0x000000070f000000, 0x000000070f100000|  0%| F|  |TAMS 0x000000070f000000, 0x000000070f000000| Untracked 
| 219|0x000000070f100000, 0x000000070f100000, 0x000000070f200000|  0%| F|  |TAMS 0x000000070f100000, 0x000000070f100000| Untracked 
| 220|0x000000070f200000, 0x000000070f200000, 0x000000070f300000|  0%| F|  |TAMS 0x000000070f200000, 0x000000070f200000| Untracked 
| 221|0x000000070f300000, 0x000000070f300000, 0x000000070f400000|  0%| F|  |TAMS 0x000000070f300000, 0x000000070f300000| Untracked 
| 222|0x000000070f400000, 0x000000070f400000, 0x000000070f500000|  0%| F|  |TAMS 0x000000070f400000, 0x000000070f400000| Untracked 
| 223|0x000000070f500000, 0x000000070f500000, 0x000000070f600000|  0%| F|  |TAMS 0x000000070f500000, 0x000000070f500000| Untracked 
| 224|0x000000070f600000, 0x000000070f600000, 0x000000070f700000|  0%| F|  |TAMS 0x000000070f600000, 0x000000070f600000| Untracked 
| 225|0x000000070f700000, 0x000000070f700000, 0x000000070f800000|  0%| F|  |TAMS 0x000000070f700000, 0x000000070f700000| Untracked 
| 226|0x000000070f800000, 0x000000070f800000, 0x000000070f900000|  0%| F|  |TAMS 0x000000070f800000, 0x000000070f800000| Untracked 
| 227|0x000000070f900000, 0x000000070f900000, 0x000000070fa00000|  0%| F|  |TAMS 0x000000070f900000, 0x000000070f900000| Untracked 
| 228|0x000000070fa00000, 0x000000070fa00000, 0x000000070fb00000|  0%| F|  |TAMS 0x000000070fa00000, 0x000000070fa00000| Untracked 
| 229|0x000000070fb00000, 0x000000070fb00000, 0x000000070fc00000|  0%| F|  |TAMS 0x000000070fb00000, 0x000000070fb00000| Untracked 
| 230|0x000000070fc00000, 0x000000070fc00000, 0x000000070fd00000|  0%| F|  |TAMS 0x000000070fc00000, 0x000000070fc00000| Untracked 
| 231|0x000000070fd00000, 0x000000070fd00000, 0x000000070fe00000|  0%| F|  |TAMS 0x000000070fd00000, 0x000000070fd00000| Untracked 
| 232|0x000000070fe00000, 0x000000070fe00000, 0x000000070ff00000|  0%| F|  |TAMS 0x000000070fe00000, 0x000000070fe00000| Untracked 
| 233|0x000000070ff00000, 0x000000070ff00000, 0x0000000710000000|  0%| F|  |TAMS 0x000000070ff00000, 0x000000070ff00000| Untracked 
| 234|0x0000000710000000, 0x0000000710000000, 0x0000000710100000|  0%| F|  |TAMS 0x0000000710000000, 0x0000000710000000| Untracked 
| 235|0x0000000710100000, 0x0000000710100000, 0x0000000710200000|  0%| F|  |TAMS 0x0000000710100000, 0x0000000710100000| Untracked 
| 236|0x0000000710200000, 0x0000000710200000, 0x0000000710300000|  0%| F|  |TAMS 0x0000000710200000, 0x0000000710200000| Untracked 
| 237|0x0000000710300000, 0x0000000710300000, 0x0000000710400000|  0%| F|  |TAMS 0x0000000710300000, 0x0000000710300000| Untracked 
| 238|0x0000000710400000, 0x0000000710400000, 0x0000000710500000|  0%| F|  |TAMS 0x0000000710400000, 0x0000000710400000| Untracked 
| 239|0x0000000710500000, 0x0000000710500000, 0x0000000710600000|  0%| F|  |TAMS 0x0000000710500000, 0x0000000710500000| Untracked 
| 240|0x0000000710600000, 0x0000000710600000, 0x0000000710700000|  0%| F|  |TAMS 0x0000000710600000, 0x0000000710600000| Untracked 
| 241|0x0000000710700000, 0x0000000710700000, 0x0000000710800000|  0%| F|  |TAMS 0x0000000710700000, 0x0000000710700000| Untracked 
| 242|0x0000000710800000, 0x0000000710900000, 0x0000000710900000|100%| E|  |TAMS 0x0000000710800000, 0x0000000710800000| Complete 
| 243|0x0000000710900000, 0x0000000710a00000, 0x0000000710a00000|100%| E|CS|TAMS 0x0000000710900000, 0x0000000710900000| Complete 
| 244|0x0000000710a00000, 0x0000000710b00000, 0x0000000710b00000|100%| E|CS|TAMS 0x0000000710a00000, 0x0000000710a00000| Complete 
| 245|0x0000000710b00000, 0x0000000710c00000, 0x0000000710c00000|100%| E|CS|TAMS 0x0000000710b00000, 0x0000000710b00000| Complete 
| 246|0x0000000710c00000, 0x0000000710d00000, 0x0000000710d00000|100%| E|CS|TAMS 0x0000000710c00000, 0x0000000710c00000| Complete 
| 247|0x0000000710d00000, 0x0000000710e00000, 0x0000000710e00000|100%| E|CS|TAMS 0x0000000710d00000, 0x0000000710d00000| Complete 
| 248|0x0000000710e00000, 0x0000000710f00000, 0x0000000710f00000|100%| E|CS|TAMS 0x0000000710e00000, 0x0000000710e00000| Complete 
| 249|0x0000000710f00000, 0x0000000711000000, 0x0000000711000000|100%| E|CS|TAMS 0x0000000710f00000, 0x0000000710f00000| Complete 
| 250|0x0000000711000000, 0x0000000711100000, 0x0000000711100000|100%| E|CS|TAMS 0x0000000711000000, 0x0000000711000000| Complete 
| 251|0x0000000711100000, 0x0000000711200000, 0x0000000711200000|100%| E|CS|TAMS 0x0000000711100000, 0x0000000711100000| Complete 
| 252|0x0000000711200000, 0x0000000711300000, 0x0000000711300000|100%| E|CS|TAMS 0x0000000711200000, 0x0000000711200000| Complete 
| 253|0x0000000711300000, 0x0000000711400000, 0x0000000711400000|100%| E|CS|TAMS 0x0000000711300000, 0x0000000711300000| Complete 
| 254|0x0000000711400000, 0x0000000711500000, 0x0000000711500000|100%| E|CS|TAMS 0x0000000711400000, 0x0000000711400000| Complete 
| 255|0x0000000711500000, 0x0000000711600000, 0x0000000711600000|100%| E|CS|TAMS 0x0000000711500000, 0x0000000711500000| Complete 

Card table byte_map: [0x00000212a5410000,0x00000212a5c10000] _byte_map_base: 0x00000212a1c05000

Marking Bits (Prev, Next): (CMBitMap*) 0x000002128e2880d0, (CMBitMap*) 0x000002128e288098
 Prev Bits: [0x00000212aa3c0000, 0x00000212ae368000)
 Next Bits: [0x00000212a6410000, 0x00000212aa3b8000)

Polling page: 0x000002128c190000

Metaspace:

Usage:
  Non-class:     29.16 MB capacity,    28.70 MB ( 98%) used,   416.70 KB (  1%) free+waste,    56.94 KB ( <1%) overhead. 
      Class:      3.71 MB capacity,     3.44 MB ( 93%) used,   252.04 KB (  7%) free+waste,    25.44 KB ( <1%) overhead. 
       Both:     32.87 MB capacity,    32.14 MB ( 98%) used,   668.73 KB (  2%) free+waste,    82.38 KB ( <1%) overhead. 

Virtual space:
  Non-class space:       30.00 MB reserved,      29.25 MB ( 98%) committed 
      Class space:        1.00 GB reserved,       3.75 MB ( <1%) committed 
             Both:        1.03 GB reserved,      33.00 MB (  3%) committed 

Chunk freelists:
   Non-Class:  3.00 KB
       Class:  1.12 KB
        Both:  4.12 KB

CodeHeap 'non-profiled nmethods': size=120000Kb used=2862Kb max_used=2862Kb free=117137Kb
 bounds [0x000002129d3b0000, 0x000002129d680000, 0x00000212a48e0000]
CodeHeap 'profiled nmethods': size=120000Kb used=13496Kb max_used=13496Kb free=106503Kb
 bounds [0x0000021295e80000, 0x0000021296bb0000, 0x000002129d3b0000]
CodeHeap 'non-nmethods': size=5760Kb used=1142Kb max_used=1191Kb free=4617Kb
 bounds [0x00000212958e0000, 0x0000021295b50000, 0x0000021295e80000]
 total_blobs=5849 nmethods=5383 adapters=377
 compilation: enabled
              stopped_count=0, restarted_count=0
 full_count=0

Compilation events (10 events):
Event: 6.605 Thread 0x00000212b184f000 5401       2       com.sun.tools.javac.parser.Tokens$NumericToken::<init> (18 bytes)
Event: 6.605 Thread 0x00000212b184f000 nmethod 5401 0x0000021296b98e10 code [0x0000021296b98fc0, 0x0000021296b99248]
Event: 6.605 Thread 0x00000212b184f000 5402       2       com.sun.tools.javac.parser.Tokens$NumericToken::checkKind (43 bytes)
Event: 6.606 Thread 0x00000212b184f000 nmethod 5402 0x0000021296b99390 code [0x0000021296b99580, 0x0000021296b999f8]
Event: 6.612 Thread 0x00000212b184f000 5404       3       com.sun.tools.javac.util.IntHashTable::rehash (118 bytes)
Event: 6.612 Thread 0x00000212b184f000 nmethod 5404 0x0000021296b99c90 code [0x0000021296b99e80, 0x0000021296b9a568]
Event: 6.612 Thread 0x00000212b184f000 5405       2       com.sun.tools.javac.parser.JavacParser::checkSourceLevel (13 bytes)
Event: 6.612 Thread 0x00000212b184f000 nmethod 5405 0x0000021296b9a890 code [0x0000021296b9aa20, 0x0000021296b9ab48]
Event: 6.615 Thread 0x00000212b184f000 5406       2       com.sun.tools.javac.util.AbstractLog::useSource (30 bytes)
Event: 6.616 Thread 0x00000212b184f000 nmethod 5406 0x0000021296b9ac10 code [0x0000021296b9adc0, 0x0000021296b9af68]

GC Heap History (8 events):
Event: 0.736 GC heap before
{Heap before GC invocations=0 (full 0):
 garbage-first heap   total 262144K, used 24576K [0x0000000701600000, 0x0000000800000000)
  region size 1024K, 24 young (24576K), 0 survivors (0K)
 Metaspace       used 12773K, capacity 12956K, committed 13184K, reserved 1060864K
  class space    used 1307K, capacity 1408K, committed 1408K, reserved 1048576K
}
Event: 0.741 GC heap after
{Heap after GC invocations=1 (full 0):
 garbage-first heap   total 262144K, used 3691K [0x0000000701600000, 0x0000000800000000)
  region size 1024K, 3 young (3072K), 3 survivors (3072K)
 Metaspace       used 12773K, capacity 12956K, committed 13184K, reserved 1060864K
  class space    used 1307K, capacity 1408K, committed 1408K, reserved 1048576K
}
Event: 1.823 GC heap before
{Heap before GC invocations=1 (full 0):
 garbage-first heap   total 262144K, used 58987K [0x0000000701600000, 0x0000000800000000)
  region size 1024K, 58 young (59392K), 3 survivors (3072K)
 Metaspace       used 20814K, capacity 21155K, committed 21248K, reserved 1069056K
  class space    used 2328K, capacity 2496K, committed 2560K, reserved 1048576K
}
Event: 1.830 GC heap after
{Heap after GC invocations=2 (full 0):
 garbage-first heap   total 262144K, used 6956K [0x0000000701600000, 0x0000000800000000)
  region size 1024K, 7 young (7168K), 7 survivors (7168K)
 Metaspace       used 20814K, capacity 21155K, committed 21248K, reserved 1069056K
  class space    used 2328K, capacity 2496K, committed 2560K, reserved 1048576K
}
Event: 2.750 GC heap before
{Heap before GC invocations=3 (full 0):
 garbage-first heap   total 262144K, used 71468K [0x0000000701600000, 0x0000000800000000)
  region size 1024K, 70 young (71680K), 7 survivors (7168K)
 Metaspace       used 23376K, capacity 23864K, committed 23936K, reserved 1071104K
  class space    used 2522K, capacity 2671K, committed 2688K, reserved 1048576K
}
Event: 2.760 GC heap after
{Heap after GC invocations=4 (full 0):
 garbage-first heap   total 262144K, used 11542K [0x0000000701600000, 0x0000000800000000)
  region size 1024K, 8 young (8192K), 8 survivors (8192K)
 Metaspace       used 23376K, capacity 23864K, committed 23936K, reserved 1071104K
  class space    used 2522K, capacity 2671K, committed 2688K, reserved 1048576K
}
Event: 6.445 GC heap before
{Heap before GC invocations=4 (full 0):
 garbage-first heap   total 262144K, used 160022K [0x0000000701600000, 0x0000000800000000)
  region size 1024K, 153 young (156672K), 8 survivors (8192K)
 Metaspace       used 32740K, capacity 33517K, committed 33792K, reserved 1079296K
  class space    used 3517K, capacity 3793K, committed 3840K, reserved 1048576K
}
Event: 6.456 GC heap after
{Heap after GC invocations=5 (full 0):
 garbage-first heap   total 262144K, used 21004K [0x0000000701600000, 0x0000000800000000)
  region size 1024K, 17 young (17408K), 17 survivors (17408K)
 Metaspace       used 32740K, capacity 33517K, committed 33792K, reserved 1079296K
  class space    used 3517K, capacity 3793K, committed 3840K, reserved 1048576K
}

Deoptimization events (10 events):
Event: 6.472 Thread 0x000002128e223000 Uncommon trap: reason=profile_predicate action=maybe_recompile pc=0x000002129d66da08 method=java.util.regex.Pattern$CharPropertyGreedy.match(Ljava/util/regex/Matcher;ILjava/lang/CharSequence;)Z @ 70 c2
Event: 6.481 Thread 0x000002128e223000 Uncommon trap: reason=profile_predicate action=maybe_recompile pc=0x000002129d66da08 method=java.util.regex.Pattern$CharPropertyGreedy.match(Ljava/util/regex/Matcher;ILjava/lang/CharSequence;)Z @ 70 c2
Event: 6.481 Thread 0x000002128e223000 Uncommon trap: reason=profile_predicate action=maybe_recompile pc=0x000002129d66da08 method=java.util.regex.Pattern$CharPropertyGreedy.match(Ljava/util/regex/Matcher;ILjava/lang/CharSequence;)Z @ 70 c2
Event: 6.481 Thread 0x000002128e223000 Uncommon trap: reason=profile_predicate action=maybe_recompile pc=0x000002129d66da08 method=java.util.regex.Pattern$CharPropertyGreedy.match(Ljava/util/regex/Matcher;ILjava/lang/CharSequence;)Z @ 70 c2
Event: 6.481 Thread 0x000002128e223000 Uncommon trap: reason=unstable_if action=reinterpret pc=0x000002129d66ed9c method=com.sun.tools.javac.util.Name$Table.equals([BI[BII)Z @ 22 c2
Event: 6.559 Thread 0x000002128e223000 Uncommon trap: reason=unstable_if action=reinterpret pc=0x000002129d671ae4 method=com.sun.tools.javac.parser.JavaTokenizer.scanIdent()V @ 15 c2
Event: 6.584 Thread 0x000002128e223000 Uncommon trap: reason=unstable_if action=reinterpret pc=0x000002129d673bcc method=java.lang.Character.isHighSurrogate(C)Z @ 3 c2
Event: 6.584 Thread 0x000002128e223000 Uncommon trap: reason=unstable_if action=reinterpret pc=0x000002129d4985f4 method=java.lang.Character.isHighSurrogate(C)Z @ 3 c2
Event: 6.584 Thread 0x000002128e223000 Uncommon trap: reason=unstable_if action=reinterpret pc=0x000002129d495434 method=java.lang.Character.isHighSurrogate(C)Z @ 3 c2
Event: 6.584 Thread 0x000002128e223000 Uncommon trap: reason=unstable_if action=reinterpret pc=0x000002129d4f9b34 method=java.lang.Character.isLowSurrogate(C)Z @ 3 c2

Classes redefined (0 events):
No events

Internal exceptions (10 events):
Event: 6.116 Thread 0x000002128e223000 Exception <a 'sun/nio/fs/WindowsException'{0x00000007083ed788}> (0x00000007083ed788) thrown at [./open/src/hotspot/share/prims/jni.cpp, line 611]
Event: 6.117 Thread 0x000002128e223000 Exception <a 'sun/nio/fs/WindowsException'{0x00000007083eea68}> (0x00000007083eea68) thrown at [./open/src/hotspot/share/prims/jni.cpp, line 611]
Event: 6.127 Thread 0x000002128e223000 Exception <a 'sun/nio/fs/WindowsException'{0x000000070821f960}> (0x000000070821f960) thrown at [./open/src/hotspot/share/prims/jni.cpp, line 611]
Event: 6.127 Thread 0x000002128e223000 Exception <a 'sun/nio/fs/WindowsException'{0x000000070821fbd0}> (0x000000070821fbd0) thrown at [./open/src/hotspot/share/prims/jni.cpp, line 611]
Event: 6.128 Thread 0x000002128e223000 Exception <a 'sun/nio/fs/WindowsException'{0x0000000708221e38}> (0x0000000708221e38) thrown at [./open/src/hotspot/share/prims/jni.cpp, line 611]
Event: 6.128 Thread 0x000002128e223000 Exception <a 'sun/nio/fs/WindowsException'{0x0000000708222060}> (0x0000000708222060) thrown at [./open/src/hotspot/share/prims/jni.cpp, line 611]
Event: 6.132 Thread 0x000002128e223000 Exception <a 'java/lang/NoSuchMethodError'{0x00000007082322e0}: 'int java.lang.invoke.DirectMethodHandle$Holder.invokeVirtual(java.lang.Object, java.lang.Object, java.lang.Object)'> (0x00000007082322e0) thrown at [./open/src/hotspot/share/interpreter/link
Event: 6.260 Thread 0x000002128e223000 Exception <a 'java/lang/NoSuchMethodError'{0x000000070801f2b8}: 'int java.lang.invoke.DirectMethodHandle$Holder.invokeVirtual(java.lang.Object, java.lang.Object)'> (0x000000070801f2b8) thrown at [./open/src/hotspot/share/interpreter/linkResolver.cpp, line
Event: 6.263 Thread 0x000002128e223000 Exception <a 'java/lang/NoSuchMethodError'{0x000000070804dc78}: 'java.lang.Object java.lang.invoke.Invokers$Holder.linkToTargetMethod(java.lang.Object, java.lang.Object, java.lang.Object, java.lang.Object, java.lang.Object, java.lang.Object)'> (0x00000007
Event: 6.460 Thread 0x00000212b17d5000 Implicit null exception at 0x000002129d64588c to 0x000002129d645a4c

Events (10 events):
Event: 6.602 Thread 0x000002128e223000 DEOPT PACKING pc=0x0000021296b2dc65 sp=0x000000a4511fd6f0
Event: 6.602 Thread 0x000002128e223000 DEOPT UNPACKING pc=0x000002129590705e sp=0x000000a4511fcb98 mode 0
Event: 6.606 Thread 0x000002128e223000 DEOPT PACKING pc=0x0000021296b2dc65 sp=0x000000a4511fd6f0
Event: 6.606 Thread 0x000002128e223000 DEOPT UNPACKING pc=0x000002129590705e sp=0x000000a4511fcb98 mode 0
Event: 6.612 Thread 0x000002128e223000 DEOPT PACKING pc=0x0000021296b6bdcf sp=0x000000a4511fbc90
Event: 6.612 Thread 0x000002128e223000 DEOPT UNPACKING pc=0x000002129590705e sp=0x000000a4511fb138 mode 0
Event: 6.613 Thread 0x000002128e223000 DEOPT PACKING pc=0x0000021296b2dc65 sp=0x000000a4511fd6f0
Event: 6.613 Thread 0x000002128e223000 DEOPT UNPACKING pc=0x000002129590705e sp=0x000000a4511fcb98 mode 0
Event: 6.619 Thread 0x000002128e223000 DEOPT PACKING pc=0x0000021296b2dc65 sp=0x000000a4511fd6f0
Event: 6.619 Thread 0x000002128e223000 DEOPT UNPACKING pc=0x000002129590705e sp=0x000000a4511fcb98 mode 0


Dynamic libraries:
0x00007ff6f38b0000 - 0x00007ff6f38c0000 	D:\defects\strawperl\jdk11\bin\java.exe
0x00007ffeab860000 - 0x00007ffeabac7000 	C:\WINDOWS\SYSTEM32\ntdll.dll
0x00007ffeaa720000 - 0x00007ffeaa7e9000 	C:\WINDOWS\System32\KERNEL32.DLL
0x00007ffea8a90000 - 0x00007ffea8e7f000 	C:\WINDOWS\System32\KERNELBASE.dll
0x00007ffea9230000 - 0x00007ffea937b000 	C:\WINDOWS\System32\ucrtbase.dll
0x00007ffe70a40000 - 0x00007ffe70a59000 	D:\defects\strawperl\jdk11\bin\jli.dll
0x00007ffe70920000 - 0x00007ffe7093b000 	D:\defects\strawperl\jdk11\bin\VCRUNTIME140.dll
0x00007ffeab760000 - 0x00007ffeab814000 	C:\WINDOWS\System32\ADVAPI32.dll
0x00007ffeab6b0000 - 0x00007ffeab759000 	C:\WINDOWS\System32\msvcrt.dll
0x00007ffea9770000 - 0x00007ffea9816000 	C:\WINDOWS\System32\sechost.dll
0x00007ffeab3a0000 - 0x00007ffeab4b8000 	C:\WINDOWS\System32\RPCRT4.dll
0x00007ffea9850000 - 0x00007ffea9a15000 	C:\WINDOWS\System32\USER32.dll
0x00007ffea8a60000 - 0x00007ffea8a87000 	C:\WINDOWS\System32\win32u.dll
0x00007ffeaa6f0000 - 0x00007ffeaa71b000 	C:\WINDOWS\System32\GDI32.dll
0x00007ffea9380000 - 0x00007ffea94ac000 	C:\WINDOWS\System32\gdi32full.dll
0x00007ffe8a3f0000 - 0x00007ffe8a683000 	C:\WINDOWS\WinSxS\amd64_microsoft.windows.common-controls_6595b64144ccf1df_6.0.26100.7309_none_3e05feeae336a044\COMCTL32.dll
0x00007ffea89b0000 - 0x00007ffea8a53000 	C:\WINDOWS\System32\msvcp_win.dll
0x00007ffe9fd60000 - 0x00007ffe9fd6b000 	C:\WINDOWS\SYSTEM32\VERSION.dll
0x00007ffeaa1b0000 - 0x00007ffeaa1e1000 	C:\WINDOWS\System32\IMM32.DLL
0x00007ffe72c30000 - 0x00007ffe72c3c000 	D:\defects\strawperl\jdk11\bin\vcruntime140_1.dll
0x00007ffe54850000 - 0x00007ffe548de000 	D:\defects\strawperl\jdk11\bin\msvcp140.dll
0x00007ffe22390000 - 0x00007ffe22ef3000 	D:\defects\strawperl\jdk11\bin\server\jvm.dll
0x00007ffeaae20000 - 0x00007ffeaae28000 	C:\WINDOWS\System32\PSAPI.DLL
0x00007ffe93940000 - 0x00007ffe93975000 	C:\WINDOWS\SYSTEM32\WINMM.dll
0x00007ffe92c60000 - 0x00007ffe92c6a000 	C:\WINDOWS\SYSTEM32\WSOCK32.dll
0x00007ffeaa1f0000 - 0x00007ffeaa264000 	C:\WINDOWS\System32\WS2_32.dll
0x00007ffea7720000 - 0x00007ffea773b000 	C:\WINDOWS\SYSTEM32\kernel.appcore.dll
0x00007ffe70dd0000 - 0x00007ffe70de0000 	D:\defects\strawperl\jdk11\bin\verify.dll
0x00007ffea5f70000 - 0x00007ffea61b2000 	C:\WINDOWS\SYSTEM32\DBGHELP.DLL
0x00007ffeaafb0000 - 0x00007ffeab336000 	C:\WINDOWS\System32\combase.dll
0x00007ffeaa610000 - 0x00007ffeaa6e6000 	C:\WINDOWS\System32\OLEAUT32.dll
0x00007ffe8fb30000 - 0x00007ffe8fb6c000 	C:\WINDOWS\SYSTEM32\dbgcore.DLL
0x00007ffea9180000 - 0x00007ffea9225000 	C:\WINDOWS\System32\bcryptPrimitives.dll
0x00007ffe5d9f0000 - 0x00007ffe5da18000 	D:\defects\strawperl\jdk11\bin\java.dll
0x00007ffe70890000 - 0x00007ffe7089a000 	D:\defects\strawperl\jdk11\bin\jimage.dll
0x00007ffe6d170000 - 0x00007ffe6d187000 	D:\defects\strawperl\jdk11\bin\zip.dll
0x00007ffea9a20000 - 0x00007ffeaa173000 	C:\WINDOWS\System32\SHELL32.dll
0x00007ffea9010000 - 0x00007ffea917a000 	C:\WINDOWS\System32\wintypes.dll
0x00007ffea65b0000 - 0x00007ffea6e0e000 	C:\WINDOWS\SYSTEM32\windows.storage.dll
0x00007ffeaaeb0000 - 0x00007ffeaafa5000 	C:\WINDOWS\System32\SHCORE.dll
0x00007ffeab630000 - 0x00007ffeab696000 	C:\WINDOWS\System32\shlwapi.dll
0x00007ffea8890000 - 0x00007ffea88b9000 	C:\WINDOWS\SYSTEM32\profapi.dll
0x00007ffe5d730000 - 0x00007ffe5d749000 	D:\defects\strawperl\jdk11\bin\net.dll
0x00007ffea0cf0000 - 0x00007ffea0e18000 	C:\WINDOWS\SYSTEM32\WINHTTP.dll
0x00007ffea7c90000 - 0x00007ffea7cfb000 	C:\WINDOWS\system32\mswsock.dll
0x00007ffe5d710000 - 0x00007ffe5d722000 	D:\defects\strawperl\jdk11\bin\nio.dll
0x0000000069ac0000 - 0x0000000069ae4000 	D:\TopNew-SpringBoot\maven\apache-maven-3.9.1-bin\apache-maven-3.9.1\lib\jansi-native\Windows\x86_64\jansi.dll

dbghelp: loaded successfully - version: 4.0.5 - missing functions: none
symbol engine: initialized successfully - sym options: 0x614 - pdb path: .;D:\defects\strawperl\jdk11\bin;C:\WINDOWS\SYSTEM32;C:\WINDOWS\WinSxS\amd64_microsoft.windows.common-controls_6595b64144ccf1df_6.0.26100.7309_none_3e05feeae336a044;D:\defects\strawperl\jdk11\bin\server;D:\TopNew-SpringBoot\maven\apache-maven-3.9.1-bin\apache-maven-3.9.1\lib\jansi-native\Windows\x86_64

VM Arguments:
jvm_args: -Dclassworlds.conf=D:\TopNew-SpringBoot\maven\apache-maven-3.9.1-bin\apache-maven-3.9.1\bin\m2.conf -Dmaven.home=D:\TopNew-SpringBoot\maven\apache-maven-3.9.1-bin\apache-maven-3.9.1 -Dlibrary.jansi.path=D:\TopNew-SpringBoot\maven\apache-maven-3.9.1-bin\apache-maven-3.9.1\lib\jansi-native -Dmaven.multiModuleProjectDirectory=D:\fx\jafx\chatunitest-core 
java_command: org.codehaus.plexus.classworlds.launcher.Launcher test-compile -q
java_class_path (initial): D:\TopNew-SpringBoot\maven\apache-maven-3.9.1-bin\apache-maven-3.9.1\boot\plexus-classworlds-2.6.0.jar
Launcher Type: SUN_STANDARD

[Global flags]
     intx CICompilerCount                          = 4                                         {product} {ergonomic}
     uint ConcGCThreads                            = 2                                         {product} {ergonomic}
     uint G1ConcRefinementThreads                  = 8                                         {product} {ergonomic}
   size_t G1HeapRegionSize                         = 1048576                                   {product} {ergonomic}
    uintx GCDrainStackTargetSize                   = 64                                        {product} {ergonomic}
   size_t InitialHeapSize                          = 268435456                                 {product} {ergonomic}
   size_t MarkStackSize                            = 4194304                                   {product} {ergonomic}
   size_t MaxHeapSize                              = 4271898624                                {product} {ergonomic}
   size_t MaxNewSize                               = 2562719744                                {product} {ergonomic}
   size_t MinHeapDeltaBytes                        = 1048576                                   {product} {ergonomic}
    uintx NonNMethodCodeHeapSize                   = 5836300                                {pd product} {ergonomic}
    uintx NonProfiledCodeHeapSize                  = 122910970                              {pd product} {ergonomic}
    uintx ProfiledCodeHeapSize                     = 122910970                              {pd product} {ergonomic}
    uintx ReservedCodeCacheSize                    = 251658240                              {pd product} {ergonomic}
     bool SegmentedCodeCache                       = true                                      {product} {ergonomic}
     bool UseCompressedClassPointers               = true                                 {lp64_product} {ergonomic}
     bool UseCompressedOops                        = true                                 {lp64_product} {ergonomic}
     bool UseG1GC                                  = true                                      {product} {ergonomic}
     bool UseLargePagesIndividualAllocation        = false                                  {pd product} {ergonomic}

Logging:
Log output configuration:
 #0: stdout all=warning uptime,level,tags
 #1: stderr all=off uptime,level,tags

Environment Variables:
JAVA_HOME=D:\defects\strawperl\jdk11
PATH=D:\安装包\ShadowBot;C:\Program Files\NVIDIA GPU Computing Toolkit\CUDA\v11.7\bin;C:\Program Files\NVIDIA GPU Computing Toolkit\CUDA\v11.7\libnvvp;C:\Program Files\PlasticSCM5\server;C:\Program Files\PlasticSCM5\client;D:\TopBDLinux\bin\;D:\defects\strawperl\jdk11\bin;C:\Program Files\Microsoft SQL Server\Client SDK\ODBC\170\Tools\Binn\;C:\Program Files (x86)\Microsoft SQL Server\150\Tools\Binn\;C:\Program Files\Microsoft SQL Server\150\Tools\Binn\;C:\Program Files\Microsoft SQL Server\150\DTS\Binn\;D:\matlab7\bin\win32;C:\WINDOWS\system32;C:\WINDOWS;C:\WINDOWS\System32\Wbem;C:\WINDOWS\System32\WindowsPowerShell\v1.0\;C:\WINDOWS\System32\OpenSSH\;C:\Program Files\MySQL\MySQL Server 5.7\bin;C:\Program Files\NVIDIA Corporation\Nsight Compute 2022.2.0\;C:\Program Files (x86)\NVIDIA Corporation\PhysX\Common;D:\jena\apache-jena-3.17.0\apache-jena-3.17.0\bat;D:\jena\apache-jena-fuseki-3.16.0\apache-jena-fuseki-3.16.0;D:\jena\apache-jena-3.17.0\apache-jena-3.17.0\bin;D:\nodejs\;C:\Program Files\TortoiseGit\bin;D:\gitee\Git\cmd;C:\WINDOWS\system32;C:\WINDOWS;C:\WINDOWS\System32\Wbem;C:\WINDOWS\System32\WindowsPowerShell\v1.0\;C:\WINDOWS\System32\OpenSSH\;D:\TopNew-SpringBoot\maven\apache-maven-3.9.1-bin\apache-maven-3.9.1\bin;D:\defects\defects4j\framework\bin;D:\defects\strawberry\c\bin;D:\defects\strawberry\perl\site\bin;D:\defects\strawberry\perl\bin;C:\Program Files (x86)\GnuWin32\bin;D:\defects\strawperl\need\bin;D:\defects\strawperl\jdk11\bin;D:\Windows Kits\10\Windows Performance Toolkit\;C:\Program Files\NVIDIA Corporation\NVIDIA App\NvDLISR;C:\Program Files\dotnet\;D:\新\cursor\resources\app\bin;D:\安装包\ShadowBot;D:\新\Scripts\;D:\新\;C:\Users\TOP令隹\AppData\Local\Microsoft\WindowsApps;C:\Users\TOP令隹\.dotnet\tools;D:\defects\strawperl\jdk11;C:\Users\TOP令隹\AppData\Local\JetBrains\Toolbox\scripts;D:\TopNew-SpringBoot\maven\apache-maven-3.9.1-bin\apache-maven-3.9.1\bin;D:\software\PyCharm Community Edition 2024.2.1\bin;C:\Users\TOP令隹\AppData\Roaming\npm;D:\n
USERNAME=TOP令隹
OS=Windows_NT
PROCESSOR_IDENTIFIER=Intel64 Family 6 Model 165 Stepping 2, GenuineIntel



---------------  S Y S T E M  ---------------

OS: Windows 11 , 64 bit Build 26100 (10.0.26100.7623)

CPU:total 8 (initial active 8) (4 cores per cpu, 2 threads per core) family 6 model 165 stepping 2 microcode 0xe2, cmov, cx8, fxsr, mmx, sse, sse2, sse3, ssse3, sse4.1, sse4.2, popcnt, avx, avx2, aes, clmul, erms, 3dnowpref, lzcnt, ht, tsc, tscinvbit, bmi1, bmi2, adx, fma

Memory: 4k page, system-wide physical 16291M (502M free)
TotalPageFile size 27214M (AvailPageFile size 5M)
current process WorkingSet (physical memory assigned to process): 317M, peak: 317M
current process commit charge ("private bytes"): 434M, peak: 435M

vm_info: Java HotSpot(TM) 64-Bit Server VM (11.0.26+7-LTS-187) for windows-amd64 JRE (11.0.26+7-LTS-187), built on Dec  3 2024 11:06:37 by "mach5one" with MS VC++ 17.6 (VS2022)

END.
